"pkg-config --exists yaml-0.1"
| pkg-config --libs yaml-0.1
=> "-lyaml\n"
"x86_64-linux-gnu-gcc -o conftest -I/usr/include/x86_64-linux-gnu/ruby-3.0.0 -I/usr/include/ruby-3.0.0/ruby/backward -I/usr/include/ruby-3.0.0 -I. -Wdate-time -D_FORTIFY_SOURCE=2   -g -O2 -ffile-prefix-map=/build/ruby3.0-7pvE4I/ruby3.0-3.0.2=. -fstack-protector-strong -Wformat -Werror=format-security -fPIC conftest.c  -L. -L/usr/lib/x86_64-linux-gnu -L. -Wl,-Bsymbolic-functions -Wl,-z,relro -Wl,-z,now -fstack-protector-strong -rdynamic -Wl,-export-dynamic     -lruby-3.0  -lm   -lc"
checked program was:
/* begin */
1: #include "ruby.h"
2: 
3: int main(int argc, char **argv)
4: {
5:   return !!argv[argc];
6: }
/* end */

"x86_64-linux-gnu-gcc -o conftest -I/usr/include/x86_64-linux-gnu/ruby-3.0.0 -I/usr/include/ruby-3.0.0/ruby/backward -I/usr/include/ruby-3.0.0 -I. -Wdate-time -D_FORTIFY_SOURCE=2   -g -O2 -ffile-prefix-map=/build/ruby3.0-7pvE4I/ruby3.0-3.0.2=. -fstack-protector-strong -Wformat -Werror=format-security -fPIC conftest.c  -L. -L/usr/lib/x86_64-linux-gnu -L. -Wl,-Bsymbolic-functions -Wl,-z,relro -Wl,-z,now -fstack-protector-strong -rdynamic -Wl,-export-dynamic     -lruby-3.0 -lyaml -lm   -lc"
checked program was:
/* begin */
1: #include "ruby.h"
2: 
3: int main(int argc, char **argv)
4: {
5:   return !!argv[argc];
6: }
/* end */

| pkg-config --cflags-only-I yaml-0.1
=> "\n"
| pkg-config --cflags-only-other yaml-0.1
=> "\n"
| pkg-config --libs-only-l yaml-0.1
=> "-lyaml\n"
package configuration for yaml-0.1
incflags: 
cflags: 
ldflags: 
libs: -lyaml

